// Jest Snapshot v1, https://goo.gl/fbAQLP

exports[`renders correctly 1`] = `
<form
  action="/action_page.php"
>
  <label
    htmlFor="quantity"
  >
    Current goal
     
    <input
      max="1000"
      min="1"
      name="quantity"
      onChange={[Function]}
      placeholder=""
      type="number"
      value={1}
    />
  </label>
</form>
`;
